# serializer version: 1
# name: test_GitHub[GitHub]
  dict({
    '.github/ISSUE_TEMPLATE/bug_report.md': '''
      ---
      name: Bug report
      about: Create a report to help us improve.
      title: ''
      labels: ''
      assignees: ''
      
      ---
      
      ## Describe the bug
      A clear and concise description of what the bug is.
      
      ## To Reproduce
      Steps to reproduce the behavior:
      1. Go to '...'
      2. Click on '....'
      3. Scroll down to '....'
      4. See error
      
      ## Expected behavior
      A clear and concise description of what you expected to happen.
      
      ## Screenshots
      If applicable, add screenshots to help explain your problem.
      
      ## Environment (please complete the following information):
       - OS: [e.g. iOS]
       - Python Version: [e.g. 3.12, 3.11, etc.]
       - <<project_name>> Version [e.g. 1.2.3]
      
      ## Additional context
      Add any other context about the problem here.
  
    ''',
    '.github/ISSUE_TEMPLATE/config.yml': '''
      blank_issues_enabled: false
  
    ''',
    '.github/ISSUE_TEMPLATE/custom.md': '''
      ---
      name: Custom issue template
      about: Create an issue that isn't a bug or feature request.
      title: ''
      labels: ''
      assignees: ''
      
      ---
  
    ''',
    '.github/ISSUE_TEMPLATE/feature_request.md': '''
      ---
      name: Feature request
      about: Suggest an idea for this project.
      title: ''
      labels: ''
      assignees: ''
      
      ---
      
      ## Is your feature request related to a problem? Please describe.
      A clear and concise description of what the problem is. Ex. I'm always frustrated when [...]
      
      ## Describe the solution you'd like
      A clear and concise description of what you want to happen.
      
      ## Describe alternatives you've considered
      A clear and concise description of any alternative solutions or features you've considered.
      
      ## Additional context
      Add any other context or screenshots about the feature request here.
  
    ''',
    '.github/pull_request_template.md': '''
      ## :pencil: Description
      Please include a summary of the change and the work item associated with it.
      
      ## :gear: Work Item
      Please include link to the corresponding GitHub Issue or Project work item.
      
      ## :movie_camera: Demo
      Please provide any images, GIFs, or videos that show the effect of your changes (if applicable). A picture is worth a thousand words.
  
    ''',
  })
# ---
# name: test_GitHub[None]
  dict({
  })
# ---
